// Jest Snapshot v1, https://goo.gl/fbAQLP

exports[`<PostPreview/> Simple Reader Works 1`] = `
<div
  className="post-preview"
>
  <Link
    to="/post/undefined"
  >
    <h2
      className="post-title"
    />
    <h3
      className="post-subtitle"
    >
      Problems look mighty small from 150 miles up
    </h3>
  </Link>
  <p
    className="post-meta"
  >
    Posted by
    <a
      href="#"
    >
      Start Bootstrap
    </a>
    on September 24, 2019
  </p>
</div>
`;
